#-----------------------------------------------------------
# Vivado v2019.1 (64-bit)
# SW Build 2552052 on Fri May 24 14:47:09 MDT 2019
# IP Build 2548770 on Fri May 24 18:01:18 MDT 2019
# Start of session at: Thu Nov 19 10:59:55 2020
# Process ID: 730
# Current directory: /home/jting/Projects/senecautk/Mini-Risc-V-Uart-Srcs
# Command line: vivado
# Log file: /home/jting/Projects/senecautk/Mini-Risc-V-Uart-Srcs/vivado.log
# Journal file: /home/jting/Projects/senecautk/Mini-Risc-V-Uart-Srcs/vivado.jou
#-----------------------------------------------------------
start_gui
open_project /home/jting/Projects/senecautk/RISCV-Nexys/RISCV-Nexys.xpr
update_compile_order -fileset sources_1
launch_simulation
open_wave_config /home/jting/Projects/senecautk/Mini-Risc-V-Uart-Srcs-CR/sims/tb_rvtop_behav.wcfg
source tb_rvtop.tcl
update_compile_order -fileset sources_1
close_sim
launch_simulation
update_compile_order -fileset sources_1
launch_simulation
open_wave_config /home/jting/Projects/senecautk/Mini-Risc-V-Uart-Srcs-CR/sims/tb_rvtop_behav.wcfg
source tb_rvtop.tcl
save_wave_config {/home/jting/Projects/senecautk/Mini-Risc-V-Uart-Srcs-CR/sims/tb_rvtop_behav.wcfg}
close_sim
launch_simulation
open_wave_config /home/jting/Projects/senecautk/Mini-Risc-V-Uart-Srcs-CR/sims/tb_rvtop_behav.wcfg
source tb_rvtop.tcl
save_wave_config {/home/jting/Projects/senecautk/Mini-Risc-V-Uart-Srcs-CR/sims/tb_rvtop_behav.wcfg}
close_sim
launch_simulation
open_wave_config /home/jting/Projects/senecautk/Mini-Risc-V-Uart-Srcs-CR/sims/tb_rvtop_behav.wcfg
source tb_rvtop.tcl
save_wave_config {/home/jting/Projects/senecautk/Mini-Risc-V-Uart-Srcs-CR/sims/tb_rvtop_behav.wcfg}
close_sim
launch_simulation
open_wave_config /home/jting/Projects/senecautk/Mini-Risc-V-Uart-Srcs-CR/sims/tb_rvtop_behav.wcfg
source tb_rvtop.tcl
